
> sites-project@0.1.0 balance:founder-matrix
> vitest run tests/simulation/founder-matrix.test.ts


 RUN  v3.2.4 /Users/deepsheth/Documents/GitHub/solounicorn

stdout | tests/simulation/founder-matrix.test.ts > runs a resumable declared founder policy matrix without synthetic money or ranks
6 15000 unicorn 2259 1002469458.46 10417

stdout | tests/simulation/founder-matrix.test.ts > runs a resumable declared founder policy matrix without synthetic money or ranks
6 15001 horizon-censored 2700 819223621.74 14338

stdout | tests/simulation/founder-matrix.test.ts > runs a resumable declared founder policy matrix without synthetic money or ranks
6 15002 unicorn 2322 1002940018.29 11707

stdout | tests/simulation/founder-matrix.test.ts > runs a resumable declared founder policy matrix without synthetic money or ranks
6 15003 unicorn 2299 1006549204.58 10667

stdout | tests/simulation/founder-matrix.test.ts > runs a resumable declared founder policy matrix without synthetic money or ranks
6 15004 horizon-censored 2700 846177661.05 15329

stdout | tests/simulation/founder-matrix.test.ts > runs a resumable declared founder policy matrix without synthetic money or ranks
6 15005 unicorn 2107 1007252542.04 9772

stdout | tests/simulation/founder-matrix.test.ts > runs a resumable declared founder policy matrix without synthetic money or ranks
6 15006 horizon-censored 2700 549644443.87 12802

stdout | tests/simulation/founder-matrix.test.ts > runs a resumable declared founder policy matrix without synthetic money or ranks
6 15007 horizon-censored 2700 634303414.3 14380

stdout | tests/simulation/founder-matrix.test.ts > runs a resumable declared founder policy matrix without synthetic money or ranks
6 15008 unicorn 2667 1002498012.36 12513

stdout | tests/simulation/founder-matrix.test.ts > runs a resumable declared founder policy matrix without synthetic money or ranks
6 15009 horizon-censored 2700 592250070.8 17987

stdout | tests/simulation/founder-matrix.test.ts > runs a resumable declared founder policy matrix without synthetic money or ranks
6 15010 horizon-censored 2700 536708519.44 13466

stdout | tests/simulation/founder-matrix.test.ts > runs a resumable declared founder policy matrix without synthetic money or ranks
6 15011 unicorn 2501 1006733799.19 17260

stdout | tests/simulation/founder-matrix.test.ts > runs a resumable declared founder policy matrix without synthetic money or ranks
6 15012 horizon-censored 2700 911225581.41 15013

stdout | tests/simulation/founder-matrix.test.ts > runs a resumable declared founder policy matrix without synthetic money or ranks
6 15013 horizon-censored 2700 715290751.79 16495

stdout | tests/simulation/founder-matrix.test.ts > runs a resumable declared founder policy matrix without synthetic money or ranks
6 15014 unicorn 2544 1012303110.05 13288

stdout | tests/simulation/founder-matrix.test.ts > runs a resumable declared founder policy matrix without synthetic money or ranks
6 15015 unicorn 2592 1002442266.86 12203

stdout | tests/simulation/founder-matrix.test.ts > runs a resumable declared founder policy matrix without synthetic money or ranks
6 15016 horizon-censored 2700 482885807.36 12436

stdout | tests/simulation/founder-matrix.test.ts > runs a resumable declared founder policy matrix without synthetic money or ranks
6 15017 unicorn 2489 1001468966.03 14276

stdout | tests/simulation/founder-matrix.test.ts > runs a resumable declared founder policy matrix without synthetic money or ranks
6 15018 horizon-censored 2700 660671797.82 15971

stdout | tests/simulation/founder-matrix.test.ts > runs a resumable declared founder policy matrix without synthetic money or ranks
6 15019 unicorn 2386 1001508458.3 18205

stdout | tests/simulation/founder-matrix.test.ts > runs a resumable declared founder policy matrix without synthetic money or ranks
6 15020 unicorn 2592 1004320935.22 19500

stdout | tests/simulation/founder-matrix.test.ts > runs a resumable declared founder policy matrix without synthetic money or ranks
6 15021 unicorn 2189 1002971960.27 12030

stdout | tests/simulation/founder-matrix.test.ts > runs a resumable declared founder policy matrix without synthetic money or ranks
6 15022 horizon-censored 2700 850560943.46 18280

stdout | tests/simulation/founder-matrix.test.ts > runs a resumable declared founder policy matrix without synthetic money or ranks
6 15023 unicorn 2235 1007634817.23 11544

stdout | tests/simulation/founder-matrix.test.ts > runs a resumable declared founder policy matrix without synthetic money or ranks
6 15024 unicorn 2137 1009674696.44 15811

stdout | tests/simulation/founder-matrix.test.ts > runs a resumable declared founder policy matrix without synthetic money or ranks
6 15025 unicorn 1941 1013805389.09 7383

stdout | tests/simulation/founder-matrix.test.ts > runs a resumable declared founder policy matrix without synthetic money or ranks
6 15026 unicorn 2658 1005666234.41 17108

stdout | tests/simulation/founder-matrix.test.ts > runs a resumable declared founder policy matrix without synthetic money or ranks
6 15027 horizon-censored 2700 982297311.39 14944

stdout | tests/simulation/founder-matrix.test.ts > runs a resumable declared founder policy matrix without synthetic money or ranks
6 15028 unicorn 2623 1017491219.05 16568

stdout | tests/simulation/founder-matrix.test.ts > runs a resumable declared founder policy matrix without synthetic money or ranks
6 15029 horizon-censored 2700 706468062.15 17996

 ✓ tests/simulation/founder-matrix.test.ts (1 test) 429727ms
   ✓ runs a resumable declared founder policy matrix without synthetic money or ranks  429726ms

 Test Files  1 passed (1)
      Tests  1 passed (1)
   Start at  04:11:34
   Duration  430.27s (transform 168ms, setup 0ms, collect 219ms, tests 429.73s, environment 0ms, prepare 44ms)

