
> sites-project@0.1.0 test:founder
> vitest run tests/integration/founder-content.test.ts tests/integration/founder-finance.test.ts tests/integration/founder-automation.test.ts tests/integration/founder-state-save.test.ts tests/integration/founder-company.test.ts tests/integration/founder-policy.test.ts tests/integration/founder-toys.test.ts tests/integration/founder-presentation.test.ts tests/integration/founder-resilience.test.ts


 RUN  v3.2.4 /Users/deepsheth/Documents/GitHub/solounicorn

 ✓ tests/integration/founder-content.test.ts (18 tests) 796ms
 ✓ tests/integration/founder-company.test.ts (19 tests) 839ms
 ✓ tests/integration/founder-finance.test.ts (17 tests) 940ms
 ✓ tests/integration/founder-presentation.test.ts (2 tests) 47ms
 ✓ tests/integration/founder-automation.test.ts (14 tests) 1334ms
   ✓ S10 integrated company automation > keeps the in-progress merge board until it is served, then fills the second slot  501ms
   ✓ S10 integrated company automation > runs all six real workflows and freezes them across quarter drafts and reloads  512ms
 ✓ tests/integration/founder-state-save.test.ts (9 tests) 149ms
 ✓ tests/integration/founder-toys.test.ts (29 tests) 1387ms
   ✓ tactile founder state and accounting > measures random rank-zero and wider Luck tickets after price and automation upkeep, with all sixteen ranks defined  1109ms
 ✓ tests/integration/founder-resilience.test.ts (3 tests) 1560ms
   ✓ preserves replay, prior state and duplicate rejection with a long immutable event log  1520ms
stdout | tests/integration/founder-policy.test.ts > validates bootstrap and debt accounting through failures and horizon-censored survivors
[
  {
    seed: 19,
    capital: 'bootstrap',
    status: 'failure',
    outcome: 'failure',
    tick: 600,
    valuation: 119496980,
    failure: 'Monthly operating bill required $664.00; only $465.75 was liquid. Keep a reserve or raise capital before the due date.',
    elapsedMs: 160
  },
  {
    seed: 77,
    capital: 'bootstrap',
    status: 'failure',
    outcome: 'failure',
    tick: 600,
    valuation: 119496980,
    failure: 'Monthly operating bill required $664.00; only $463.75 was liquid. Keep a reserve or raise capital before the due date.',
    elapsedMs: 115
  },
  {
    seed: 84022,
    capital: 'bootstrap',
    status: 'failure',
    outcome: 'failure',
    tick: 600,
    valuation: 119496980,
    failure: 'Monthly operating bill required $664.00; only $487.75 was liquid. Keep a reserve or raise capital before the due date.',
    elapsedMs: 56
  },
  {
    seed: 19,
    capital: 'debt',
    status: 'failure',
    outcome: 'failure',
    tick: 1360,
    valuation: 696760686,
    failure: 'Loan interest required $57.60; only $26.28 was liquid. Keep a reserve or raise capital before the due date.',
    elapsedMs: 371
  },
  {
    seed: 77,
    capital: 'debt',
    status: 'quarter-draft',
    outcome: 'horizon-censored',
    tick: 27000,
    valuation: 5536445062,
    failure: '',
    elapsedMs: 27573
  },
  {
    seed: 84022,
    capital: 'debt',
    status: 'quarter-draft',
    outcome: 'horizon-censored',
    tick: 27000,
    valuation: 9062677347,
    failure: '',
    elapsedMs: 25804
  }
]

 ✓ tests/integration/founder-policy.test.ts (1 test) 54099ms
   ✓ validates bootstrap and debt accounting through failures and horizon-censored survivors  54097ms

 Test Files  9 passed (9)
      Tests  112 passed (112)
   Start at  22:30:48
   Duration  54.64s (transform 714ms, setup 0ms, collect 1.67s, tests 61.15s, environment 1ms, prepare 883ms)

